C:/TouchGFXProjects/euro25/TouchGFX/gui/src/euro25_main_screen/euro25_mainPresenter.cpp:10:6:virtual void euro25_mainPresenter::activate()	0	static
../../TouchGFX/gui/include/gui/euro25_main_screen/euro25_mainPresenter.hpp:9:7:euro25_mainPresenter::~euro25_mainPresenter()	0	static
../../TouchGFX/gui/include/gui/euro25_main_screen/euro25_mainPresenter.hpp:9:7:virtual euro25_mainPresenter::~euro25_mainPresenter()	8	static
../../TouchGFX/gui/include/gui/euro25_main_screen/euro25_mainPresenter.hpp:9:7:virtual void* euro25_mainPresenter::_ZThn4_N20euro25_mainPresenterD1Ev()	0	static
C:/TouchGFXProjects/euro25/TouchGFX/gui/src/euro25_main_screen/euro25_mainPresenter.cpp:4:1:euro25_mainPresenter::euro25_mainPresenter(euro25_mainView&)	0	static
